charset "iso-8859-1"
#keycode        Normal    Shift     AltGr
keycode 2   =   one       exclam
keycode 3 =     two       quotedbl
keycode 4 =     three     section
keycode 5 =     four      dollar      bar
keycode 6 =     five       percent     bar
keycode 7 =     six       ampersand
keycode 8 =     seven     slash       braceleft
keycode 9 =     eight     parenleft   bracketleft
keycode 10 =    nine      parenright  bracketright
keycode 11 =    zero      equal       braceright
keycode 12 =    plus      asterisk    tilde
keycode 13 =    less      greater     grave
                AltGr Shift keycode 13 = dead_grave
keycode 14 =    Delete
keycode 15 =    Tab       Tab       Tab
keycode 16 =    +udiaeresis +Udiaeresis +udiaeresis
keycode 17 =    comma     semicolon    comma
keycode 18 = period colon period
keycode 19 = +p +P +p
keycode 20 = +y +Y +y
keycode 21 = +f +F +f
keycode 22 = +g +G +g
keycode 23 = +c +C VoidSymbol
Control_c Control_c
keycode 24 = +t +T +t
keycode 25 = +z +Z +z
keycode 26 = question ssharp question
keycode 27 = slash backslash dead_acute
keycode 28 = Return Return Retur
n
keycode 29 = Control
keycode 30 = +a +A at
keycode 31 = +o +O +o
keycode 32 = +e +E euro
keycode 33 = +i +I +i
keycode 34 = +u +U +u
keycode 35 = +h +H +h
keycode 36 = +d +D +d
keycode 37 = +r +R +r
keycode 38 = +n +N +n
keycode 39 = +s +S +ssharp
keycode 40 = +l +L +l
keycode 41 = asciicircum degree dead_circ
umflex
keycode 42 = Shift
keycode 43 = minus underscore minus
keycode 44 = +odiaeresis +Odiaeresis +odiaeresis
keycode 45 = +q +Q at
keycode 46 = +j +J +j
keycode 47 = +k +K +k
keycode 48 = +x +X +x
keycode 49 = +b +B +b
keycode 50 = +m +M +m
keycode 51 = +w +W +w
keycode 52 = +v +V +v
keycode 53 = numbersign apostrophe
keycode 54 = Shift
keycode 56 = Alt
keycode 57 = space
keycode 58 = Caps_Lock
keycode 86 = +adiaeresis +Adiaeresis +adiaeresis
keycode 99 = Compose
keycode 100= AltGr
keycode 102= Find
keycode 103= Up
keycode 104= Prior Scroll_Backward
keycode 105= Left
keycode 106= Right
keycode 107= Select
keycode 108= Down
keycode 109= Next
keycode 110= Insert
keycode 111= Remove
keycode 119= Pause

#F1 - F12
keycode 59 = F1
keycode 60 = F2
keycode 61 = F3
keycode 62 = F4
keycode 63 = F5
keycode 64 = F6
keycode 65 = F7
keycode 66 = F8
keycode 67 = F9
keycode 68 = F10
keycode 87 = F11
keycode 88 = F12 
